---
source: src/parser/test.rs
expression: snapshot_parsing(contents)
---
[
    Function(
        Function {
            visibility: Public,
            fn_token: Token {
                kind: Keyword(
                    Fn,
                ),
                lexeme: "fn",
                span: 4..6,
            },
            name: Token {
                kind: Identifier,
                lexeme: "main",
                span: 7..11,
            },
            params: [],
            return_type: Void,
            body: Block {
                statements: [
                    Statement {
                        expr: Call(
                            ExprCall {
                                caller: Identifier(
                                    Token {
                                        kind: Identifier,
                                        lexeme: "print",
                                        span: 25..30,
                                    },
                                ),
                                left_paran: Token {
                                    kind: LeftParen,
                                    lexeme: "(",
                                    span: 30..31,
                                },
                                args: [
                                    Litral(
                                        Char(
                                            Token {
                                                kind: Char,
                                                lexeme: "\"",
                                                span: 31..36,
                                            },
                                        ),
                                    ),
                                ],
                                right_paran: Token {
                                    kind: RightParen,
                                    lexeme: ")",
                                    span: 36..37,
                                },
                            },
                        ),
                        delem: Token {
                            kind: Semicolon,
                            lexeme: ";",
                            span: 37..38,
                        },
                    },
                ],
            },
        },
    ),
]
