---
source: src/lexer/test.rs
expression: snapshot_lexing(contents)
---
pub fn main() void {
^^^ Token { kind: Keyword(Pub), lexeme: "pub", span: 0..3 }
    ^^ Token { kind: Keyword(Fn), lexeme: "fn", span: 4..6 }
       ^^^^ Token { kind: Identifier, lexeme: "main", span: 7..11 }
           ^ Token { kind: LeftParen, lexeme: "(", span: 11..12 }
            ^ Token { kind: RightParen, lexeme: ")", span: 12..13 }
              ^^^^ Token { kind: Identifier, lexeme: "void", span: 14..18 }
                   ^ Token { kind: LeftBrace, lexeme: "{", span: 19..20 }
    print(#'"'#);
    ^^^^^ Token { kind: Identifier, lexeme: "print", span: 25..30 }
         ^ Token { kind: LeftParen, lexeme: "(", span: 30..31 }
          ^^^^^ Token { kind: Char, lexeme: "\"", span: 31..36 }
               ^ Token { kind: RightParen, lexeme: ")", span: 36..37 }
                ^ Token { kind: Semicolon, lexeme: ";", span: 37..38 }
}
^ Token { kind: RightBrace, lexeme: "}", span: 39..40 }
