---
source: src/lexer/test.rs
expression: snapshot_lexing(contents)
---
pub fn main() void {
^^^ Token { kind: Keyword(Pub), lexeme: "pub", span: 0..3 }
    ^^ Token { kind: Keyword(Fn), lexeme: "fn", span: 4..6 }
       ^^^^ Token { kind: Identifier, lexeme: "main", span: 7..11 }
           ^ Token { kind: LeftParen, lexeme: "(", span: 11..12 }
            ^ Token { kind: RightParen, lexeme: ")", span: 12..13 }
              ^^^^ Token { kind: Identifier, lexeme: "void", span: 14..18 }
                   ^ Token { kind: LeftBrace, lexeme: "{", span: 19..20 }
    println(#"Hello, World!\n"#);
    ^^^^^^^ Token { kind: Identifier, lexeme: "println", span: 25..32 }
           ^ Token { kind: LeftParen, lexeme: "(", span: 32..33 }
            ^^^^^^^^^^^^^^^^^^^ Token { kind: String, lexeme: "Hello, World!\n", span: 33..52 }
                               ^ Token { kind: RightParen, lexeme: ")", span: 52..53 }
                                ^ Token { kind: Semicolon, lexeme: ";", span: 53..54 }
}
^ Token { kind: RightBrace, lexeme: "}", span: 55..56 }
